+-----+-----+-----+-----+-----+-----+-----+-----+
|     |     |     |     |     |     |     |     |
| R:2 | N:2 | B:2 | Q:2 | K:2 | B:2 | N:2 | R:2 |
|     |     |     |     |     |     |     |     |
+-----+-----+-----+-----+-----+-----+-----+-----+
|     |     |     |     |     |     |     |     |
| P:2 | P:2 | P:2 | P:2 | P:2 | P:2 | P:2 | P:2 |
|     |     |     |     |     |     |     |     |
+-----+-----+-----+-----+-----+-----+-----+-----+
|     |     |     |     |     |     |     |     |
|     |     |     |     |     |     |     |     |
|     |     |     |     |     |     |     |     |
+-----+-----+-----+-----+-----+-----+-----+-----+
|     |     |     |     |     |     |     |     |
|     |     |     |     |     |     |     |     |
|     |     |     |     |     |     |     |     |
+-----+-----+-----+-----+-----+-----+-----+-----+
|     |     |     |     |     |     |     |     |
|     |     |     |     |     |     |     |     |
|     |     |     |     |     |     |     |     |
+-----+-----+-----+-----+-----+-----+-----+-----+
|     |     |     |     |     |     |     |     |
|     |     |     |     |     |     |     |     |
|     |     |     |     |     |     |     |     |
+-----+-----+-----+-----+-----+-----+-----+-----+
|     |     |     |     |     |     |     |     |
| P:1 | P:1 | P:1 | P:1 | P:1 | P:1 | P:1 | P:1 |
|     |     |     |     |     |     |     |     |
+-----+-----+-----+-----+-----+-----+-----+-----+
|     |     |     |     |     |     |     |     |
| R:1 | N:1 | B:1 | Q:1 | K:1 | B:1 | N:1 | R:1 |
|     |     |     |     |     |     |     |     |
+-----+-----+-----+-----+-----+-----+-----+-----+
most recent move:  :0 to a1
player to move: 1
halfmove counter: 1
f8
+-----+-----+-----+-----+-----+-----+-----+-----+
|     |     |     |     |     |     |     |     |
| R:2 | N:2 | B:2 | Q:2 | K:2 |     | N:2 | R:2 |
|     |     |     |     |     |     |     |     |
+-----+-----+-----+-----+-----+-----+-----+-----+
|     |     |     |     |     |     |     |     |
| P:2 | P:2 | P:2 | P:2 | P:2 | P:2 | P:2 | P:2 |
|     |     |     |     |     |     |     |     |
+-----+-----+-----+-----+-----+-----+-----+-----+
|     |     |     |     |     |     |     |     |
|     |     |     |     |     |     |     |     |
|     |     |     |     |     |     |     |     |
+-----+-----+-----+-----+-----+-----+-----+-----+
|     |     |     |     |     |     |     |     |
|     |     |     |     |     |     |     |     |
|     |     |     |     |     |     |     |     |
+-----+-----+-----+-----+-----+-----+-----+-----+
|     |     |     |     |     |     |     |     |
|     |     |     |     |     |     |     |     |
|     |     |     |     |     |     |     |     |
+-----+-----+-----+-----+-----+-----+-----+-----+
|     |     |     |     |     |     |     |     |
|     |     |     |     |     |     |     |     |
|     |     |     |     |     |     |     |     |
+-----+-----+-----+-----+-----+-----+-----+-----+
|     |     |     |     |     |     |     |     |
| P:1 | P:1 | P:1 | P:1 | P:1 | P:1 | P:1 | P:1 |
|     |     |     |     |     |     |     |     |
+-----+-----+-----+-----+-----+-----+-----+-----+
|     |     |     |     |     |     |     |     |
| B:2 | N:1 | B:1 | Q:1 | K:1 | B:1 | N:1 | R:1 |
|     |     |     |     |     |     |     |     |
+-----+-----+-----+-----+-----+-----+-----+-----+
most recent move: B:2 to a1
player to move: 2
halfmove counter: 2
+-----+-----+-----+-----+-----+-----+-----+-----+
|     |     |     |     |     |     |     |     |
| R:2 | N:1 | B:2 | Q:2 | K:2 |     | N:2 | R:2 |
|     |     |     |     |     |     |     |     |
+-----+-----+-----+-----+-----+-----+-----+-----+
|     |     |     |     |     |     |     |     |
| P:2 | P:2 | P:2 | P:2 | P:2 | P:2 | P:2 | P:2 |
|     |     |     |     |     |     |     |     |
+-----+-----+-----+-----+-----+-----+-----+-----+
|     |     |     |     |     |     |     |     |
|     |     |     |     |     |     |     |     |
|     |     |     |     |     |     |     |     |
+-----+-----+-----+-----+-----+-----+-----+-----+
|     |     |     |     |     |     |     |     |
|     |     |     |     |     |     |     |     |
|     |     |     |     |     |     |     |     |
+-----+-----+-----+-----+-----+-----+-----+-----+
|     |     |     |     |     |     |     |     |
|     |     |     |     |     |     |     |     |
|     |     |     |     |     |     |     |     |
+-----+-----+-----+-----+-----+-----+-----+-----+
|     |     |     |     |     |     |     |     |
|     |     |     |     |     |     |     |     |
|     |     |     |     |     |     |     |     |
+-----+-----+-----+-----+-----+-----+-----+-----+
|     |     |     |     |     |     |     |     |
| P:1 | P:1 | P:1 | P:1 | P:1 | P:1 | P:1 | P:1 |
|     |     |     |     |     |     |     |     |
+-----+-----+-----+-----+-----+-----+-----+-----+
|     |     |     |     |     |     |     |     |
| B:2 |     | B:1 | Q:1 | K:1 | B:1 | N:1 | R:1 |
|     |     |     |     |     |     |     |     |
+-----+-----+-----+-----+-----+-----+-----+-----+
most recent move: N:1 to b8
player to move: 1
halfmove counter: 3
+-----+-----+-----+-----+-----+-----+-----+-----+
|     |     |     |     |     |     |     |     |
| R:2 | N:1 | B:2 | Q:2 | K:2 |     | N:2 | R:2 |
|     |     |     |     |     |     |     |     |
+-----+-----+-----+-----+-----+-----+-----+-----+
|     |     |     |     |     |     |     |     |
| P:2 | P:2 | P:2 | P:2 | P:2 | P:2 | P:2 | P:2 |
|     |     |     |     |     |     |     |     |
+-----+-----+-----+-----+-----+-----+-----+-----+
|     |     |     |     |     |     |     |     |
|     |     |     |     |     |     |     |     |
|     |     |     |     |     |     |     |     |
+-----+-----+-----+-----+-----+-----+-----+-----+
|     |     |     |     |     |     |     |     |
|     |     |     |     |     |     |     |     |
|     |     |     |     |     |     |     |     |
+-----+-----+-----+-----+-----+-----+-----+-----+
|     |     |     |     |     |     |     |     |
|     |     |     |     |     |     |     |     |
|     |     |     |     |     |     |     |     |
+-----+-----+-----+-----+-----+-----+-----+-----+
|     |     |     |     |     |     |     |     |
|     |     |     |     |     |     |     |     |
|     |     |     |     |     |     |     |     |
+-----+-----+-----+-----+-----+-----+-----+-----+
|     |     |     |     |     |     |     |     |
| P:1 | P:1 | P:1 | P:1 | P:1 | P:1 | P:1 | P:1 |
|     |     |     |     |     |     |     |     |
+-----+-----+-----+-----+-----+-----+-----+-----+
|     |     |     |     |     |     |     |     |
| B:2 |     | B:1 | K:1 |     | B:1 | N:1 | R:1 |
|     |     |     |     |     |     |     |     |
+-----+-----+-----+-----+-----+-----+-----+-----+
most recent move: K:1 to d1
player to move: 2
halfmove counter: 4
+-----+-----+-----+-----+-----+-----+-----+-----+
|     |     |     |     |     |     |     |     |
| R:2 | N:1 | B:2 | K:2 |     |     | N:2 | R:2 |
|     |     |     |     |     |     |     |     |
+-----+-----+-----+-----+-----+-----+-----+-----+
|     |     |     |     |     |     |     |     |
| P:2 | P:2 | P:2 | P:2 | P:2 | P:2 | P:2 | P:2 |
|     |     |     |     |     |     |     |     |
+-----+-----+-----+-----+-----+-----+-----+-----+
|     |     |     |     |     |     |     |     |
|     |     |     |     |     |     |     |     |
|     |     |     |     |     |     |     |     |
+-----+-----+-----+-----+-----+-----+-----+-----+
|     |     |     |     |     |     |     |     |
|     |     |     |     |     |     |     |     |
|     |     |     |     |     |     |     |     |
+-----+-----+-----+-----+-----+-----+-----+-----+
|     |     |     |     |     |     |     |     |
|     |     |     |     |     |     |     |     |
|     |     |     |     |     |     |     |     |
+-----+-----+-----+-----+-----+-----+-----+-----+
|     |     |     |     |     |     |     |     |
|     |     |     |     |     |     |     |     |
|     |     |     |     |     |     |     |     |
+-----+-----+-----+-----+-----+-----+-----+-----+
|     |     |     |     |     |     |     |     |
| P:1 | P:1 | P:1 | P:1 | P:1 | P:1 | P:1 | P:1 |
|     |     |     |     |     |     |     |     |
+-----+-----+-----+-----+-----+-----+-----+-----+
|     |     |     |     |     |     |     |     |
| B:2 |     | B:1 | K:1 |     | B:1 | N:1 | R:1 |
|     |     |     |     |     |     |     |     |
+-----+-----+-----+-----+-----+-----+-----+-----+
most recent move: K:2 to d8
player to move: 1
halfmove counter: 5
SELECTING
+-----+-----+-----+-----+-----+-----+-----+-----+
|     |     |     |     |     |     |     |     |
| R:2 | N:1 | B:2 | K:2 |     |     | N:2 | R:2 |
|     |     |     |     |     |     |     |     |
+-----+-----+-----+-----+-----+-----+-----+-----+
|     |     |     |     |     |     |     |     |
| P:2 | P:2 | P:2 | P:2 | P:2 | P:2 | P:2 | P:2 |
|     |     |     |     |     |     |     |     |
+-----+-----+-----+-----+-----+-----+-----+-----+
|     |     |     |     |     |     |     |     |
|     |     |     |     |     |     |     |     |
|     |     |     |     |     |     |     |     |
+-----+-----+-----+-----+-----+-----+-----+-----+
|     |     |     |     |     |     |     |     |
|     |     |     |     |     |     |     |     |
|     |     |     |     |     |     |     |     |
+-----+-----+-----+-----+-----+-----+-----+-----+
|     |     |     |     |     |     |     |     |
|     |     |     |     |     |     |     |     |
|     |     |     |     |     |     |     |     |
+-----+-----+-----+-----+-----+-----+-----+-----+
|     |     |     |     |     |     |     |     |
|     |     |     |     |     |     |     |     |
|     |     |     |     |     |     |     |     |
+-----+-----+-----+-----+-----+-----+-----+-----+
|     |     |     |     |     |     |     |     |
| P:1 | P:1 | P:1 | P:1 | P:1 | P:1 | P:1 | P:1 |
|     |     |     |     |     |     |     |     |
+-----+-----+-----+-----+-----+-----+-----+-----+
|     |     |     |     | * * |     |     |     |
| B:2 |     | B:1 | K:1 |     | B:1 | N:1 | R:1 |
|     |     |     |     | * * |     |     |     |
+-----+-----+-----+-----+-----+-----+-----+-----+
most recent move: K:2 to d8
player to move: 1
halfmove counter: 5
+-----+-----+-----+-----+-----+-----+-----+-----+
|     |     |     |     |     |     |     |     |
| R:2 | N:1 | B:2 | K:2 |     |     | N:2 | R:2 |
|     |     |     |     |     |     |     |     |
+-----+-----+-----+-----+-----+-----+-----+-----+
|     |     |     |     |     |     |     |     |
| P:2 | P:2 | P:2 | P:2 | P:2 | P:2 | P:2 | P:2 |
|     |     |     |     |     |     |     |     |
+-----+-----+-----+-----+-----+-----+-----+-----+
|     |     |     |     |     |     |     |     |
|     |     |     |     |     |     |     |     |
|     |     |     |     |     |     |     |     |
+-----+-----+-----+-----+-----+-----+-----+-----+
|     |     |     |     |     |     |     |     |
|     |     |     |     |     |     |     |     |
|     |     |     |     |     |     |     |     |
+-----+-----+-----+-----+-----+-----+-----+-----+
|     |     |     |     |     |     |     |     |
|     |     |     |     |     |     |     |     |
|     |     |     |     |     |     |     |     |
+-----+-----+-----+-----+-----+-----+-----+-----+
|     |     |     |     |     |     |     |     |
|     |     |     |     |     |     |     |     |
|     |     |     |     |     |     |     |     |
+-----+-----+-----+-----+-----+-----+-----+-----+
|     |     |     |     |     |     |     |     |
| P:1 | P:1 | P:1 | K:1 | P:1 | P:1 | P:1 | P:1 |
|     |     |     |     |     |     |     |     |
+-----+-----+-----+-----+-----+-----+-----+-----+
|     |     |     |     |     |     |     |     |
| B:2 |     | B:1 |     |     | B:1 | N:1 | R:1 |
|     |     |     |     |     |     |     |     |
+-----+-----+-----+-----+-----+-----+-----+-----+
most recent move: K:1 to d2
player to move: 2
halfmove counter: 6
REWINDING
+-----+-----+-----+-----+-----+-----+-----+-----+
|     |     |     |     |     |     |     |     |
| R:2 | N:1 | B:2 | K:2 |     |     | N:2 | R:2 |
|     |     |     |     |     |     |     |     |
+-----+-----+-----+-----+-----+-----+-----+-----+
|     |     |     |     |     |     |     |     |
| P:2 | P:2 | P:2 | P:2 | P:2 | P:2 | P:2 | P:2 |
|     |     |     |     |     |     |     |     |
+-----+-----+-----+-----+-----+-----+-----+-----+
|     |     |     |     |     |     |     |     |
|     |     |     |     |     |     |     |     |
|     |     |     |     |     |     |     |     |
+-----+-----+-----+-----+-----+-----+-----+-----+
|     |     |     |     |     |     |     |     |
|     |     |     |     |     |     |     |     |
|     |     |     |     |     |     |     |     |
+-----+-----+-----+-----+-----+-----+-----+-----+
|     |     |     |     |     |     |     |     |
|     |     |     |     |     |     |     |     |
|     |     |     |     |     |     |     |     |
+-----+-----+-----+-----+-----+-----+-----+-----+
|     |     |     |     |     |     |     |     |
|     |     |     |     |     |     |     |     |
|     |     |     |     |     |     |     |     |
+-----+-----+-----+-----+-----+-----+-----+-----+
|     |     |     |     |     |     |     |     |
| P:1 | P:1 | P:1 | P:1 | P:1 | P:1 | P:1 | P:1 |
|     |     |     |     |     |     |     |     |
+-----+-----+-----+-----+-----+-----+-----+-----+
|     |     |     |     |     |     |     |     |
| B:2 |     | B:1 | K:1 |     | B:1 | N:1 | R:1 |
|     |     |     |     |     |     |     |     |
+-----+-----+-----+-----+-----+-----+-----+-----+
most recent move: K:2 to d8
player to move: 1
halfmove counter: 5
